// Jest Snapshot v1, https://goo.gl/fbAQLP

exports[`ProductTitle should create the component correctly with custom title  1`] = `
<span
  className="productDescription custom-class"
>
  Custom Product Card
</span>
`;

exports[`ProductTitle should show the component with the name of the product 1`] = `
<div
  className="productCard undefined"
>
  <span
    className="productDescription undefined"
  >
    Coffee Mug - Card without image
  </span>
</div>
`;
